2019-09-02 16:51:01
[critical]
Ошибка в БД:  Ошибка 404 - не найдено
В файле: D:\Programs\OSPanel\domains\php.local\13\App\Controllers\ArticleController.php
На строке: 25
================================================================
2019-09-02 17:05:20
[critical]
Ошибка в БД:  Ошибка 404 - не найдено
В файле: D:\Programs\OSPanel\domains\php.local\13\App\Controllers\ArticleController.php
На строке: 25
================================================================
2019-09-02 17:05:45
[critical]
Ошибка в БД:  Нет соединения с БД
В файле: D:\Programs\OSPanel\domains\php.local\13\App\Db.php
На строке: 63
================================================================
2019-09-02 17:06:18
[notice]
Ошибка 404 - не найдено
В файле: D:\Programs\OSPanel\domains\php.local\13\App\Controllers\AdminPanel.php
На строке: 55
================================================================
